[0mPOST /api/general/driver/login_driver [33m400[0m 1.773 ms - 121[0m
[0mPOST /api/general/driver/login_user [33m404[0m 5.808 ms - 46[0m
[0mPOST /api/general/user/login_user [33m400[0m 65.893 ms - 121[0m
[0mPOST /api/general/user/login_user [31m500[0m 314.753 ms - 51[0m
[0mPOST /api/general/user/login_user [33m401[0m 166.471 ms - 55[0m
[0mPOST /api/general/user/login_user [33m401[0m 229.458 ms - 55[0m
[0mPOST /api/general/user/login_user [33m401[0m 298.648 ms - 55[0m
[0mPOST /api/general/user/login_user [33m401[0m 130.856 ms - 55[0m
[0mPOST /api/general/driver/login_driver [32m200[0m 270.230 ms - 586[0m
[0mPOST /api/general/user/create_ride [33m401[0m 6.027 ms - 58[0m
[0mGET /api/general/user/login_user [33m404[0m 1.324 ms - 46[0m
[0mPOST /api/general/user/login_user [33m400[0m 45.950 ms - 258[0m
[0mPOST /api/general/user/login_user [32m200[0m 429.763 ms - 558[0m
[0mPOST /api/general/user/create_ride [33m400[0m 6.270 ms - 212[0m
[0mPOST /api/general/user/create_ride [0m-[0m - ms - -[0m
[0mPOST /api/general/user/create_ride [32m201[0m 502.963 ms - 110[0m
[0mPOST /api/general/user/create_ride [32m201[0m 120.989 ms - 110[0m
[0mPOST /api/general/user/refresh_token [33m401[0m 1.233 ms - 52[0m
[0mPOST /api/general/user/refresh_token [32m200[0m 8.793 ms - 176[0m
[0mPOST /api/general/user/create_ride [32m201[0m 216.795 ms - 110[0m
[0mPOST /api/general/driver/accept_ride [33m401[0m 14.579 ms - 58[0m
[0mPOST /api/general/driver/accept_ride [33m401[0m 31.376 ms - 54[0m
[0mPOST /api/general/driver/accept_ride [33m401[0m 4.143 ms - 54[0m
[0mPOST /api/general/user/refresh_token [32m200[0m 7.257 ms - 176[0m
[0mPOST /api/general/driver/accept_ride [33m400[0m 13.242 ms - 370[0m
[0mPOST /api/general/driver/accept_ride [33m400[0m 17.519 ms - 232[0m
[0mPOST /api/general/driver/accept_ride [33m400[0m 5.473 ms - 137[0m
[0mPOST /api/general/driver/accept_ride [32m200[0m 346.796 ms - 55[0m
[0mPOST /api/general/driver/accept_ride [32m200[0m 367.195 ms - 55[0m
[0mPOST /api/general/driver/accept_ride [33m401[0m 59.130 ms - 54[0m
[0mPOST /api/general/user/refresh_token [32m200[0m 33.095 ms - 176[0m
[0mPOST /api/general/driver/accept_ride [33m400[0m 331.294 ms - 44[0m
[0mPOST /api/general/driver/accept_ride [32m200[0m 204.551 ms - 55[0m
[0mPOST /api/general/driver/accept_ride [33m400[0m 293.903 ms - 64[0m
[0mPOST /api/general/driver/start_ride [33m401[0m 6.882 ms - 58[0m
[0mPOST /api/general/user/refresh_token [32m200[0m 40.352 ms - 176[0m
[0mPOST /api/general/driver/start_ride [33m400[0m 12.959 ms - 193[0m
[0mPOST /api/general/driver/start_ride [33m400[0m 15.769 ms - 215[0m
[0mPOST /api/general/driver/start_ride [32m200[0m 594.330 ms - 64[0m
[0mPOST /api/general/driver/start_ride [33m400[0m 125.245 ms - 79[0m
[0mPOST /api/general/driver/start_ride [32m200[0m 633.100 ms - 147[0m
[0mPOST /api/general/driver/start_ride [33m401[0m 4.302 ms - 58[0m
[0mPOST /api/general/user/refresh_token [32m200[0m 32.991 ms - 176[0m
[0mPOST /api/general/driver/start_ride [33m400[0m 19.164 ms - 193[0m
[0mPOST /api/general/driver/start_ride [33m400[0m 4.609 ms - 193[0m
[0mPOST /api/general/driver/complete_ride [33m400[0m 2.647 ms - 193[0m
[0mPOST /api/general/driver/complete_ride [32m200[0m 599.327 ms - 173[0m
[0mPOST /api/general/driver/complete_ride [32m200[0m 274.767 ms - 173[0m
[0mPOST /api/general/driver/complete_ride [33m401[0m 23.702 ms - 58[0m
[0mPOST /api/general/user/refresh_token [32m200[0m 102.399 ms - 176[0m
[0mPOST /api/general/driver/complete_ride [33m400[0m 38.095 ms - 193[0m
[0mPOST /api/general/driver/complete_ride [33m400[0m 822.060 ms - 83[0m
[0mPOST /api/general/user_driver/cancel_ride [33m404[0m 88.214 ms - 46[0m
[0mPOST /api/general/user_driver/cancel_ride [33m400[0m 61.421 ms - 301[0m
[0mPOST /api/general/user_driver/cancel_ride [33m400[0m 71.165 ms - 135[0m
[0mPOST /api/general/user_driver/cancel_ride [33m400[0m 607.937 ms - 83[0m
[0mPOST /api/general/user_driver/cancel_ride [32m200[0m 571.215 ms - 200[0m
[0mPOST /api/general/driver/update_location [33m401[0m 8.999 ms - 58[0m
[0mPOST /api/general/user/refresh_token [32m200[0m 31.958 ms - 176[0m
[0mPOST /api/general/driver/update_location [33m400[0m 50.156 ms - 392[0m
[0mPOST /api/general/driver/update_location [33m400[0m 44.973 ms - 267[0m
[0mPOST /api/general/driver/update_location [33m400[0m 483.375 ms - 62[0m
[0mPOST /api/general/driver/update_location [33m400[0m 111.037 ms - 62[0m
[0mPOST /api/general/driver/update_location [32m200[0m 453.160 ms - 204[0m
[0mPOST /api/general/user/nearby_drivers [33m401[0m 21.571 ms - 58[0m
[0mPOST /api/general/user/refresh_token [32m200[0m 61.507 ms - 176[0m
[0mPOST /api/general/user/nearby_drivers [33m400[0m 47.433 ms - 370[0m
[0mPOST /api/general/user/nearby_drivers [33m404[0m 330.399 ms - 53[0m
[0mPOST /api/general/user/nearby_drivers [33m401[0m 145.023 ms - 54[0m
[0mPOST /api/general/user/refresh_token [32m200[0m 75.758 ms - 176[0m
[0mPOST /api/general/user/nearby_drivers [33m404[0m 825.784 ms - 53[0m
[0mPOST /api/general/user/nearby_drivers [33m404[0m 321.085 ms - 53[0m
[0mPOST /api/general/user/nearby_drivers [32m200[0m 652.285 ms - 59[0m
[0mPOST /api/general/user/nearby_drivers [32m200[0m 582.761 ms - 59[0m
[0mPOST /api/general/user/nearby_drivers [32m200[0m 200.818 ms - 567[0m
[0mPOST /api/general/user/nearby_drivers [32m200[0m 147.965 ms - 846[0m
[0mPOST /api/general/user/nearby_drivers [32m200[0m 70.847 ms - 567[0m
