[0mPOST /api/general/user/create_ride [33m401[0m 72.312 ms - 54[0m
[0mPOST /api/general/user/create_ride [33m401[0m 11.431 ms - 54[0m
[0mPOST /api/general/user/refresh_token [32m200[0m 23.083 ms - 176[0m
[0mPOST /api/general/user/create_ride [33m400[0m 55.944 ms - 502[0m
[0mPOST /api/general/user/create_ride [32m201[0m 463.058 ms - 184[0m
[0mPOST /api/general/user/create_ride [33m401[0m 24.009 ms - 54[0m
[0mPOST /api/general/user/refresh_token [32m200[0m 11.329 ms - 176[0m
[0mPOST /api/general/user/create_ride [32m201[0m 461.028 ms - 184[0m
[0mPOST /api/general/user/create_ride [32m201[0m 296.198 ms - 184[0m
[0mPOST /api/general/user/create_ride [33m401[0m 12.981 ms - 54[0m
[0mPOST /api/general/user/refresh_token [32m200[0m 5.897 ms - 176[0m
[0mPOST /api/general/user/create_ride [32m201[0m 281.045 ms - 184[0m
[0mPOST /api/general/user/create_ride [31m500[0m 308.260 ms - 92[0m
[0mPOST /api/general/user/create_ride [32m201[0m 203.581 ms - 185[0m
[0mPOST /api/general/user/create_ride [32m201[0m 134.390 ms - 185[0m
[0mPOST /api/general/user/create_ride [32m201[0m 225.533 ms - 185[0m
[0mGET / [36m304[0m 30.860 ms - -[0m
[0mGET /favicon.ico [33m404[0m 1.020 ms - 46[0m
[0mGET / [36m304[0m 26.327 ms - -[0m
[0mGET / [36m304[0m 1.660 ms - -[0m
[0mGET / [36m304[0m 23.384 ms - -[0m
[0mGET / [36m304[0m 0.372 ms - -[0m
[0mGET / [36m304[0m 36.038 ms - -[0m
[0mGET /favicon.ico [33m404[0m 0.686 ms - 46[0m
[0mGET / [32m200[0m 14.790 ms - 67[0m
[0mGET / [36m304[0m 30.835 ms - -[0m
[0mPOST /api/general/driver/login_driver [32m200[0m 289.978 ms - 573[0m
[0mGET /driver_online [33m404[0m 42.151 ms - 46[0m
[0mPOST /api/general/user/refresh_token [33m401[0m 72.525 ms - 51[0m
[0mPOST /api/general/driver/login_driver [32m200[0m 557.180 ms - 588[0m
[0mPOST /api/general/user/refresh_token [33m401[0m 92.594 ms - 51[0m
[0mGET /driver_online [33m404[0m 1.528 ms - 46[0m
[0mPOST /api/general/driver/login_driver [32m200[0m 517.692 ms - 588[0m
[0mPOST /api/general/user/refresh_token [32m200[0m 13.456 ms - 176[0m
[0mPOST /api/general/user/refresh_token [32m200[0m 86.692 ms - 176[0m
[0mPOST /api/general/user/refresh_token [32m200[0m 188.526 ms - 176[0m
[0mPOST /api/general/driver/login_driver [32m200[0m 350.439 ms - 588[0m
[0mGET / [36m304[0m 54.213 ms - -[0m
