[0mPOST /api/general/user/user_driver [33m404[0m 9.879 ms - 46[0m
[0mPOST /api/general/user_driver/refresh_token [33m401[0m 22.696 ms - 51[0m
[0mGET /api/general/user/login_user [33m404[0m 3.498 ms - 46[0m
[0mPOST /api/general/user/login_user [33m400[0m 16.104 ms - 258[0m
[0mPOST /api/general/user/login_user [32m200[0m 503.015 ms - 576[0m
[0mPOST /api/general/user_driver/refresh_token [33m401[0m 6.377 ms - 51[0m
[0mPOST /api/general/user_driver/refresh_token [32m200[0m 5.290 ms - 176[0m
[0mGET /api/general/driver/login_driver [33m404[0m 14.444 ms - 46[0m
[0mPOST /api/general/driver/login_driver [33m400[0m 8.149 ms - 258[0m
[0mPOST /api/general/driver/login_driver [32m200[0m 207.306 ms - 611[0m
[0mPOST /api/general/user_driver/refresh_token [32m200[0m 9.780 ms - 161[0m
[0mPOST /general/user_driver/refresh_token [33m404[0m 3.623 ms - 46[0m
[0mPOST /general/user_driver/refresh_token [33m404[0m 0.967 ms - 46[0m
[0mPOST /general/user_driver/refresh_token [33m404[0m 0.553 ms - 46[0m
[0mPOST /general/user_driver/refresh_token [33m404[0m 0.547 ms - 46[0m
[0mPOST /general/user_driver/refresh_token [33m404[0m 0.626 ms - 46[0m
[0mPOST /general/user_driver/refresh_token [33m404[0m 0.417 ms - 46[0m
[0mPOST /general/user_driver/refresh_token [33m404[0m 1.465 ms - 46[0m
[0mPOST /general/user_driver/refresh_token [33m404[0m 0.287 ms - 46[0m
[0mPOST /general/user_driver/refresh_token [33m404[0m 0.533 ms - 46[0m
[0mPOST /general/user_driver/refresh_token [33m404[0m 0.498 ms - 46[0m
[0mPOST /general/user_driver/refresh_token [33m404[0m 0.717 ms - 46[0m
[0mPOST /general/user_driver/refresh_token [33m404[0m 0.710 ms - 46[0m
[0mPOST /general/user_driver/refresh_token [33m404[0m 4.706 ms - 46[0m
[0mPOST /general/user_driver/refresh_token [33m404[0m 0.754 ms - 46[0m
[0mPOST /general/user_driver/refresh_token [33m404[0m 0.745 ms - 46[0m
[0mPOST /general/user_driver/refresh_token [33m404[0m 4.222 ms - 46[0m
[0mPOST /api/general/user/login_user [33m401[0m 274.647 ms - 55[0m
[0mPOST /general/user_driver/refresh_token [33m404[0m 2.072 ms - 46[0m
[0mPOST /general/user_driver/refresh_token [33m404[0m 4.526 ms - 46[0m
[0mPOST /general/user_driver/refresh_token [33m404[0m 1.482 ms - 46[0m
[0mPOST /api/general/user/login_user [33m401[0m 537.266 ms - 55[0m
[0mPOST /general/user_driver/refresh_token [33m404[0m 0.474 ms - 46[0m
[0mPOST /general/user_driver/refresh_token [33m404[0m 1.756 ms - 46[0m
[0mPOST /general/user_driver/refresh_token [33m404[0m 0.438 ms - 46[0m
[0mPOST /api/general/driver/login_driver [32m200[0m 725.813 ms - 611[0m
[0mPOST /general/user_driver/refresh_token [33m404[0m 14.335 ms - 46[0m
[0mPOST /api/general/driver/login_driver [32m200[0m 402.080 ms - 611[0m
[0mPOST /general/user_driver/refresh_token [33m404[0m 9.276 ms - 46[0m
[0mPOST /general/user_driver/refresh_token [33m404[0m 0.983 ms - 46[0m
[0mPOST /general/user_driver/refresh_token [33m404[0m 0.520 ms - 46[0m
[0mPOST /general/user_driver/refresh_token [33m404[0m 6.115 ms - 46[0m
[0mPOST /api/general/driver/login_driver [32m200[0m 442.576 ms - 611[0m
[0mPOST /general/user_driver/refresh_token [33m404[0m 0.704 ms - 46[0m
[0mPOST /general/user_driver/refresh_token [33m404[0m 4.973 ms - 46[0m
[0mPOST /general/user_driver/refresh_token [33m404[0m 0.414 ms - 46[0m
[0mPOST /api/general/driver/login_driver [32m200[0m 307.976 ms - 611[0m
[0mPOST /general/user_driver/refresh_token [33m404[0m 0.654 ms - 46[0m
[0mPOST /api/general/user_driver/refresh_token [33m401[0m 53.876 ms - 51[0m
[0mPOST /api/general/user_driver/refresh_token [33m401[0m 5.754 ms - 51[0m
[0mPOST /api/general/driver/login_driver [32m200[0m 327.676 ms - 611[0m
[0mPOST /api/general/user_driver/refresh_token [32m200[0m 8.696 ms - 161[0m
[0mPOST /api/general/user_driver/refresh_token [32m200[0m 11.572 ms - 161[0m
[0mPOST /api/general/user_driver/refresh_token [33m401[0m 0.266 ms - 51[0m
[0mPOST /api/general/driver/login_driver [32m200[0m 316.415 ms - 611[0m
[0mPOST /api/general/user/login_user [33m401[0m 223.283 ms - 55[0m
[0mPOST /api/general/user_driver/refresh_token [32m200[0m 4.586 ms - 161[0m
[0mPOST /api/general/user/login_user [33m401[0m 12.394 ms - 55[0m
[0mPOST /api/general/user/login_user [32m200[0m 321.807 ms - 576[0m
[0mPOST /api/general/user_driver/refresh_token [32m200[0m 9.382 ms - 161[0m
[0mPOST /api/general/user_driver/refresh_token [33m401[0m 1.579 ms - 51[0m
[0mPOST /api/general/user/login_user [32m200[0m 229.925 ms - 576[0m
